// Jest Snapshot v1, https://goo.gl/fbAQLP

exports[`Pruebas en el componente <Navbar /> Debe coincidir con el Snapshot 1`] = `
<nav
  className="navbar navbar-expand-sm navbar-dark bg-dark"
>
  <a
    className="navbar-brand"
    onClick={[Function]}
  >
    Asociaciones
  </a>
  <div
    className="navbar-collapse mr-auto"
  >
    <div
      className="navbar-nav"
    >
      <a
        aria-current={null}
        className="nav-item nav-link"
        onClick={[Function]}
      >
        Marvel
      </a>
      <a
        aria-current={null}
        className="nav-item nav-link"
        onClick={[Function]}
      >
        DC
      </a>
      <a
        aria-current={null}
        className="nav-item nav-link"
        onClick={[Function]}
      >
        Search
      </a>
    </div>
  </div>
  <div
    className="navbar-collapse ml-auto"
  >
    <div
      className="navbar-nav"
    >
      <span
        className="nav-item nav-link text-info"
      >
        Daniel
      </span>
      <button
        className="nav-item nav-link btn"
        onClick={[Function]}
      >
        Logout
      </button>
    </div>
  </div>
</nav>
`;
