// Jest Snapshot v1, https://goo.gl/fbAQLP

exports[`Pruebas en <AppRouter /> Deber√≠a de mostrar de mostrar login si no esta autenticado 1`] = `
<div>
  <section
    className="container mt-5"
  >
    <h2>
      Login
    </h2>
    <hr />
    <button
      className="btn btn-primary"
      onClick={[Function]}
    >
      Acceder
    </button>
  </section>
</div>
`;
